Copyright 1986-2020 Xilinx, Inc. All Rights Reserved.
----------------------------------------------------------------------------------------------------
| Tool Version : Vivado v.2020.1 (win64) Build 2902540 Wed May 27 19:54:49 MDT 2020
| Date         : Wed Nov 18 11:15:35 2020
| Host         : Jabberwock running 64-bit major release  (build 9200)
| Command      : report_utilization -file D:/ichiro/work/ArgSort-Ultra96/argsort_16_2_2/project.rpt
| Design       : design_1_wrapper
| Device       : xczu3egsbva484-1
| Design State : Routed
----------------------------------------------------------------------------------------------------

Utilization Design Information

Table of Contents
-----------------
1. CLB Logic
1.1 Summary of Registers by Type
2. CLB Logic Distribution
3. BLOCKRAM
4. ARITHMETIC
5. I/O
6. CLOCK
7. ADVANCED
8. CONFIGURATION
9. Primitives
10. Black Boxes
11. Instantiated Netlists

1. CLB Logic
------------

+----------------------------+-------+-------+-----------+-------+
|          Site Type         |  Used | Fixed | Available | Util% |
+----------------------------+-------+-------+-----------+-------+
| CLB LUTs                   | 58680 |     0 |     70560 | 83.16 |
|   LUT as Logic             | 58434 |     0 |     70560 | 82.81 |
|   LUT as Memory            |   246 |     0 |     28800 |  0.85 |
|     LUT as Distributed RAM |   200 |     0 |           |       |
|     LUT as Shift Register  |    46 |     0 |           |       |
| CLB Registers              | 54918 |     0 |    141120 | 38.92 |
|   Register as Flip Flop    | 54918 |     0 |    141120 | 38.92 |
|   Register as Latch        |     0 |     0 |    141120 |  0.00 |
| CARRY8                     |  1229 |     0 |      8820 | 13.93 |
| F7 Muxes                   |   103 |     0 |     35280 |  0.29 |
| F8 Muxes                   |     0 |     0 |     17640 |  0.00 |
| F9 Muxes                   |     0 |     0 |      8820 |  0.00 |
+----------------------------+-------+-------+-----------+-------+


1.1 Summary of Registers by Type
--------------------------------

+-------+--------------+-------------+--------------+
| Total | Clock Enable | Synchronous | Asynchronous |
+-------+--------------+-------------+--------------+
| 0     |            _ |           - |            - |
| 0     |            _ |           - |          Set |
| 0     |            _ |           - |        Reset |
| 0     |            _ |         Set |            - |
| 0     |            _ |       Reset |            - |
| 0     |          Yes |           - |            - |
| 291   |          Yes |           - |          Set |
| 52855 |          Yes |           - |        Reset |
| 42    |          Yes |         Set |            - |
| 1730  |          Yes |       Reset |            - |
+-------+--------------+-------------+--------------+


2. CLB Logic Distribution
-------------------------

+--------------------------------------------+-------+-------+-----------+-------+
|                  Site Type                 |  Used | Fixed | Available | Util% |
+--------------------------------------------+-------+-------+-----------+-------+
| CLB                                        |  8674 |     0 |      8820 | 98.34 |
|   CLBL                                     |  5119 |     0 |           |       |
|   CLBM                                     |  3555 |     0 |           |       |
| LUT as Logic                               | 58434 |     0 |     70560 | 82.81 |
|   using O5 output only                     |   286 |       |           |       |
|   using O6 output only                     | 41262 |       |           |       |
|   using O5 and O6                          | 16886 |       |           |       |
| LUT as Memory                              |   246 |     0 |     28800 |  0.85 |
|   LUT as Distributed RAM                   |   200 |     0 |           |       |
|     using O5 output only                   |     0 |       |           |       |
|     using O6 output only                   |     0 |       |           |       |
|     using O5 and O6                        |   200 |       |           |       |
|   LUT as Shift Register                    |    46 |     0 |           |       |
|     using O5 output only                   |     0 |       |           |       |
|     using O6 output only                   |    46 |       |           |       |
|     using O5 and O6                        |     0 |       |           |       |
| CLB Registers                              | 54918 |     0 |    141120 | 38.92 |
|   Register driven from within the CLB      | 47264 |       |           |       |
|   Register driven from outside the CLB     |  7654 |       |           |       |
|     LUT in front of the register is unused |  1993 |       |           |       |
|     LUT in front of the register is used   |  5661 |       |           |       |
| Unique Control Sets                        |   674 |       |     17640 |  3.82 |
+--------------------------------------------+-------+-------+-----------+-------+
* * Note: Available Control Sets calculated as Slices * 2, Review the Control Sets Report for more information regarding control sets.


3. BLOCKRAM
-----------

+-------------------+------+-------+-----------+-------+
|     Site Type     | Used | Fixed | Available | Util% |
+-------------------+------+-------+-----------+-------+
| Block RAM Tile    |   70 |     0 |       216 | 32.41 |
|   RAMB36/FIFO*    |   70 |     0 |       216 | 32.41 |
|     RAMB36E2 only |   70 |       |           |       |
|   RAMB18          |    0 |     0 |       432 |  0.00 |
+-------------------+------+-------+-----------+-------+
* Note: Each Block RAM Tile only has one FIFO logic available and therefore can accommodate only one FIFO36E2 or one FIFO18E2. However, if a FIFO18E2 occupies a Block RAM Tile, that tile can still accommodate a RAMB18E2


4. ARITHMETIC
-------------

+-----------+------+-------+-----------+-------+
| Site Type | Used | Fixed | Available | Util% |
+-----------+------+-------+-----------+-------+
| DSPs      |    0 |     0 |       360 |  0.00 |
+-----------+------+-------+-----------+-------+


5. I/O
------

+------------------+------+-------+-----------+-------+
|     Site Type    | Used | Fixed | Available | Util% |
+------------------+------+-------+-----------+-------+
| Bonded IOB       |   18 |    18 |        82 | 21.95 |
| HPIOB_M          |    0 |     0 |        26 |  0.00 |
| HPIOB_S          |    0 |     0 |        26 |  0.00 |
| HDIOB_M          |    8 |     8 |        12 | 66.67 |
|   INPUT          |    1 |       |           |       |
|   OUTPUT         |    0 |       |           |       |
|   BIDIR          |    7 |       |           |       |
| HDIOB_S          |   10 |    10 |        12 | 83.33 |
|   INPUT          |    0 |       |           |       |
|   OUTPUT         |    1 |       |           |       |
|   BIDIR          |    9 |       |           |       |
| HPIOB_SNGL       |    0 |     0 |         6 |  0.00 |
| HPIOBDIFFINBUF   |    0 |     0 |        72 |  0.00 |
| HPIOBDIFFOUTBUF  |    0 |     0 |        72 |  0.00 |
| HDIOBDIFFINBUF   |    0 |     0 |        48 |  0.00 |
| BITSLICE_CONTROL |    0 |     0 |        24 |  0.00 |
| BITSLICE_RX_TX   |    0 |     0 |       156 |  0.00 |
| BITSLICE_TX      |    0 |     0 |        24 |  0.00 |
| RIU_OR           |    0 |     0 |        12 |  0.00 |
+------------------+------+-------+-----------+-------+


6. CLOCK
--------

+----------------------+------+-------+-----------+-------+
|       Site Type      | Used | Fixed | Available | Util% |
+----------------------+------+-------+-----------+-------+
| GLOBAL CLOCK BUFFERs |    2 |     0 |       196 |  1.02 |
|   BUFGCE             |    1 |     0 |        88 |  1.14 |
|   BUFGCE_DIV         |    0 |     0 |        12 |  0.00 |
|   BUFG_PS            |    1 |     0 |        72 |  1.39 |
|   BUFGCTRL*          |    0 |     0 |        24 |  0.00 |
| PLL                  |    0 |     0 |         6 |  0.00 |
| MMCM                 |    0 |     0 |         3 |  0.00 |
+----------------------+------+-------+-----------+-------+
* Note: Each used BUFGCTRL counts as two GLOBAL CLOCK BUFFERs. This table does not include global clocking resources, only buffer cell usage. See the Clock Utilization Report (report_clock_utilization) for detailed accounting of global clocking resource availability.


7. ADVANCED
-----------

+-----------+------+-------+-----------+--------+
| Site Type | Used | Fixed | Available |  Util% |
+-----------+------+-------+-----------+--------+
| PS8       |    1 |     0 |         1 | 100.00 |
| SYSMONE4  |    0 |     0 |         1 |   0.00 |
+-----------+------+-------+-----------+--------+


8. CONFIGURATION
----------------

+-------------+------+-------+-----------+-------+
|  Site Type  | Used | Fixed | Available | Util% |
+-------------+------+-------+-----------+-------+
| BSCANE2     |    0 |     0 |         4 |  0.00 |
| DNA_PORTE2  |    0 |     0 |         1 |  0.00 |
| EFUSE_USR   |    0 |     0 |         1 |  0.00 |
| FRAME_ECCE4 |    0 |     0 |         1 |  0.00 |
| ICAPE3      |    0 |     0 |         2 |  0.00 |
| MASTER_JTAG |    0 |     0 |         1 |  0.00 |
| STARTUPE3   |    0 |     0 |         1 |  0.00 |
+-------------+------+-------+-----------+-------+


9. Primitives
-------------

+----------+-------+---------------------+
| Ref Name |  Used | Functional Category |
+----------+-------+---------------------+
| FDCE     | 52855 |            Register |
| LUT4     | 20675 |                 CLB |
| LUT3     | 19575 |                 CLB |
| LUT6     | 17056 |                 CLB |
| LUT5     | 10830 |                 CLB |
| LUT2     |  6603 |                 CLB |
| FDRE     |  1730 |            Register |
| CARRY8   |  1229 |                 CLB |
| LUT1     |   581 |                 CLB |
| RAMD32   |   386 |                 CLB |
| FDPE     |   291 |            Register |
| MUXF7    |   103 |                 CLB |
| RAMB36E2 |    70 |           Block Ram |
| FDSE     |    42 |            Register |
| SRLC32E  |    35 |                 CLB |
| INBUF    |    17 |                 I/O |
| IBUFCTRL |    17 |              Others |
| OBUFT    |    16 |                 I/O |
| RAMS32   |    14 |                 CLB |
| SRL16E   |    11 |                 CLB |
| PS8      |     1 |            Advanced |
| OBUF     |     1 |                 I/O |
| BUFG_PS  |     1 |               Clock |
| BUFGCE   |     1 |               Clock |
+----------+-------+---------------------+


10. Black Boxes
---------------

+----------+------+
| Ref Name | Used |
+----------+------+


11. Instantiated Netlists
-------------------------

+---------------------------------+------+
|             Ref Name            | Used |
+---------------------------------+------+
| design_1_zynq_ultra_ps_e_0_0    |    1 |
| design_1_xbar_0                 |    1 |
| design_1_proc_sys_reset_0_0     |    1 |
| design_1_axi_gpio_0_0           |    1 |
| design_1_auto_pc_0              |    1 |
| design_1_auto_ds_0              |    1 |
| design_1_ZYNQMP_ACP_ADAPTER_0_0 |    1 |
| design_1_ArgSort_AXI_1_0        |    1 |
+---------------------------------+------+


Copyright 1986-2020 Xilinx, Inc. All Rights Reserved.
------------------------------------------------------------------------------------------------------------
| Tool Version      : Vivado v.2020.1 (win64) Build 2902540 Wed May 27 19:54:49 MDT 2020
| Date              : Wed Nov 18 11:16:02 2020
| Host              : Jabberwock running 64-bit major release  (build 9200)
| Command           : report_timing -file D:/ichiro/work/ArgSort-Ultra96/argsort_16_2_2/project.rpt -append
| Design            : design_1_wrapper
| Device            : xczu3eg-sbva484
| Speed File        : -1  PRODUCTION 1.27 02-28-2020
| Temperature Grade : E
------------------------------------------------------------------------------------------------------------

Timing Report

Slack (VIOLATED) :        -0.626ns  (required time - arrival time)
  Source:                 design_1_i/ArgSort_AXI_1/U0/ARGSORT_IF/CTRL/MAIN_CTRL.mrg_reader_xsize_reg[13]/C
                            (rising edge-triggered cell FDCE clocked by clk_pl_0  {rise@0.000ns fall@2.000ns period=4.000ns})
  Destination:            design_1_i/ArgSort_AXI_1/U0/ARGSORT_IF/CTRL/MRG_RD_CTRL[3].offset_size_reg[31]/D
                            (rising edge-triggered cell FDCE clocked by clk_pl_0  {rise@0.000ns fall@2.000ns period=4.000ns})
  Path Group:             clk_pl_0
  Path Type:              Setup (Max at Slow Process Corner)
  Requirement:            4.000ns  (clk_pl_0 rise@4.000ns - clk_pl_0 rise@0.000ns)
  Data Path Delay:        4.836ns  (logic 1.605ns (33.189%)  route 3.231ns (66.811%))
  Logic Levels:           12  (CARRY8=10 LUT1=1 LUT2=1)
  Clock Path Skew:        -0.080ns (DCD - SCD + CPR)
    Destination Clock Delay (DCD):    1.889ns = ( 5.889 - 4.000 ) 
    Source Clock Delay      (SCD):    2.139ns
    Clock Pessimism Removal (CPR):    0.170ns
  Clock Uncertainty:      0.130ns  ((TSJ^2 + DJ^2)^1/2) / 2 + PE
    Total System Jitter     (TSJ):    0.071ns
    Discrete Jitter          (DJ):    0.251ns
    Phase Error              (PE):    0.000ns
  Clock Net Delay (Source):      1.932ns (routing 0.815ns, distribution 1.117ns)
  Clock Net Delay (Destination): 1.722ns (routing 0.738ns, distribution 0.984ns)

    Location             Delay type                Incr(ns)  Path(ns)    Netlist Resource(s)
  -------------------------------------------------------------------    -------------------
                         (clock clk_pl_0 rise edge)
                                                      0.000     0.000 r  
    PS8_X0Y0             PS8                          0.000     0.000 r  design_1_i/zynq_ultra_ps_e_0/U0/PS8_i/PLCLK[0]
                         net (fo=1, routed)           0.178     0.178    design_1_i/zynq_ultra_ps_e_0/U0/pl_clk_unbuffered[0]
    BUFG_PS_X0Y69        BUFG_PS (Prop_BUFG_PS_I_O)
                                                      0.029     0.207 r  design_1_i/zynq_ultra_ps_e_0/U0/buffer_pl_clk_0.PL_CLK_0_BUFG/O
    X0Y1 (CLOCK_ROOT)    net (fo=55508, routed)       1.932     2.139    design_1_i/ArgSort_AXI_1/U0/ARGSORT_IF/CTRL/ACLK
    SLICE_X8Y95          FDCE                                         r  design_1_i/ArgSort_AXI_1/U0/ARGSORT_IF/CTRL/MAIN_CTRL.mrg_reader_xsize_reg[13]/C
  -------------------------------------------------------------------    -------------------
    SLICE_X8Y95          FDCE (Prop_CFF_SLICEL_C_Q)
                                                      0.097     2.236 f  design_1_i/ArgSort_AXI_1/U0/ARGSORT_IF/CTRL/MAIN_CTRL.mrg_reader_xsize_reg[13]/Q
                         net (fo=86, routed)          0.117     2.353    design_1_i/ArgSort_AXI_1/U0/ARGSORT_IF/CTRL/MAIN_CTRL.mrg_reader_xsize_reg_n_0_[13]
    SLICE_X7Y95          LUT1 (Prop_B6LUT_SLICEL_I0_O)
                                                      0.040     2.393 r  design_1_i/ArgSort_AXI_1/U0/ARGSORT_IF/CTRL/MRG_RD_CTRL[3].offset_size[14]_i_3/O
                         net (fo=1, routed)           0.010     2.403    design_1_i/ArgSort_AXI_1/U0/ARGSORT_IF/CTRL/MRG_RD_CTRL[3].offset_size[14]_i_3_n_0
    SLICE_X7Y95          CARRY8 (Prop_CARRY8_SLICEL_S[1]_CO[2])
                                                      0.121     2.524 r  design_1_i/ArgSort_AXI_1/U0/ARGSORT_IF/CTRL/MRG_RD_CTRL[3].offset_size_reg[14]_i_2/CO[2]
                         net (fo=2, routed)           0.338     2.862    design_1_i/ArgSort_AXI_1/U0/ARGSORT_IF/CTRL/MRG_RD_CTRL[3].offset_size_reg[14]_i_2_n_5
    SLICE_X3Y97          CARRY8 (Prop_CARRY8_SLICEL_CI_CO[2])
                                                      0.136     2.998 r  design_1_i/ArgSort_AXI_1/U0/ARGSORT_IF/CTRL/MRG_RD_CTRL[3].offset_size_reg[16]_i_2/CO[2]
                         net (fo=2, routed)           0.343     3.341    design_1_i/ArgSort_AXI_1/U0/ARGSORT_IF/CTRL/MRG_RD_CTRL[3].offset_size_reg[16]_i_2_n_5
    SLICE_X2Y97          CARRY8 (Prop_CARRY8_SLICEL_CI_CO[2])
                                                      0.136     3.477 r  design_1_i/ArgSort_AXI_1/U0/ARGSORT_IF/CTRL/MRG_RD_CTRL[3].offset_size_reg[18]_i_2/CO[2]
                         net (fo=2, routed)           0.397     3.874    design_1_i/ArgSort_AXI_1/U0/ARGSORT_IF/CTRL/MRG_RD_CTRL[3].offset_size_reg[18]_i_2_n_5
    SLICE_X5Y96          CARRY8 (Prop_CARRY8_SLICEM_CI_CO[2])
                                                      0.139     4.013 r  design_1_i/ArgSort_AXI_1/U0/ARGSORT_IF/CTRL/MRG_RD_CTRL[3].offset_size_reg[20]_i_2/CO[2]
                         net (fo=2, routed)           0.252     4.265    design_1_i/ArgSort_AXI_1/U0/ARGSORT_IF/CTRL/MRG_RD_CTRL[3].offset_size_reg[20]_i_2_n_5
    SLICE_X5Y94          CARRY8 (Prop_CARRY8_SLICEM_CI_CO[2])
                                                      0.139     4.404 r  design_1_i/ArgSort_AXI_1/U0/ARGSORT_IF/CTRL/MRG_RD_CTRL[3].offset_size_reg[22]_i_2/CO[2]
                         net (fo=2, routed)           0.200     4.604    design_1_i/ArgSort_AXI_1/U0/ARGSORT_IF/CTRL/MRG_RD_CTRL[3].offset_size_reg[22]_i_2_n_5
    SLICE_X5Y93          CARRY8 (Prop_CARRY8_SLICEM_CI_CO[2])
                                                      0.139     4.743 r  design_1_i/ArgSort_AXI_1/U0/ARGSORT_IF/CTRL/MRG_RD_CTRL[3].offset_size_reg[24]_i_2/CO[2]
                         net (fo=2, routed)           0.262     5.005    design_1_i/ArgSort_AXI_1/U0/ARGSORT_IF/CTRL/MRG_RD_CTRL[3].offset_size_reg[24]_i_2_n_5
    SLICE_X5Y98          CARRY8 (Prop_CARRY8_SLICEM_CI_CO[2])
                                                      0.139     5.144 r  design_1_i/ArgSort_AXI_1/U0/ARGSORT_IF/CTRL/MRG_RD_CTRL[3].offset_size_reg[26]_i_2/CO[2]
                         net (fo=2, routed)           0.310     5.454    design_1_i/ArgSort_AXI_1/U0/ARGSORT_IF/CTRL/MRG_RD_CTRL[3].offset_size_reg[26]_i_2_n_5
    SLICE_X6Y103         CARRY8 (Prop_CARRY8_SLICEL_CI_CO[2])
                                                      0.136     5.590 r  design_1_i/ArgSort_AXI_1/U0/ARGSORT_IF/CTRL/MRG_RD_CTRL[3].offset_size_reg[28]_i_2/CO[2]
                         net (fo=2, routed)           0.433     6.023    design_1_i/ArgSort_AXI_1/U0/ARGSORT_IF/CTRL/MRG_RD_CTRL[3].offset_size_reg[28]_i_2_n_5
    SLICE_X1Y103         CARRY8 (Prop_CARRY8_SLICEM_CI_CO[2])
                                                      0.139     6.162 r  design_1_i/ArgSort_AXI_1/U0/ARGSORT_IF/CTRL/MRG_RD_CTRL[3].offset_size_reg[30]_i_2/CO[2]
                         net (fo=2, routed)           0.406     6.568    design_1_i/ArgSort_AXI_1/U0/ARGSORT_IF/CTRL/MRG_RD_CTRL[3].offset_size_reg[30]_i_2_n_5
    SLICE_X3Y101         CARRY8 (Prop_CARRY8_SLICEL_CI_O[1])
                                                      0.164     6.732 r  design_1_i/ArgSort_AXI_1/U0/ARGSORT_IF/CTRL/MRG_RD_CTRL[3].offset_size_reg[32]_i_3/O[1]
                         net (fo=1, routed)           0.141     6.873    design_1_i/ArgSort_AXI_1/U0/ARGSORT_IF/CTRL/MRG_RD_CTRL[3].offset_size_reg[32]_i_3_n_14
    SLICE_X3Y100         LUT2 (Prop_D5LUT_SLICEL_I0_O)
                                                      0.080     6.953 r  design_1_i/ArgSort_AXI_1/U0/ARGSORT_IF/CTRL/MRG_RD_CTRL[3].offset_size[31]_i_1/O
                         net (fo=1, routed)           0.022     6.975    design_1_i/ArgSort_AXI_1/U0/ARGSORT_IF/CTRL/MRG_RD_CTRL[3].offset_size[31]_i_1_n_0
    SLICE_X3Y100         FDCE                                         r  design_1_i/ArgSort_AXI_1/U0/ARGSORT_IF/CTRL/MRG_RD_CTRL[3].offset_size_reg[31]/D
  -------------------------------------------------------------------    -------------------

                         (clock clk_pl_0 rise edge)
                                                      4.000     4.000 r  
    PS8_X0Y0             PS8                          0.000     4.000 r  design_1_i/zynq_ultra_ps_e_0/U0/PS8_i/PLCLK[0]
                         net (fo=1, routed)           0.140     4.140    design_1_i/zynq_ultra_ps_e_0/U0/pl_clk_unbuffered[0]
    BUFG_PS_X0Y69        BUFG_PS (Prop_BUFG_PS_I_O)
                                                      0.027     4.167 r  design_1_i/zynq_ultra_ps_e_0/U0/buffer_pl_clk_0.PL_CLK_0_BUFG/O
    X0Y1 (CLOCK_ROOT)    net (fo=55508, routed)       1.722     5.889    design_1_i/ArgSort_AXI_1/U0/ARGSORT_IF/CTRL/ACLK
    SLICE_X3Y100         FDCE                                         r  design_1_i/ArgSort_AXI_1/U0/ARGSORT_IF/CTRL/MRG_RD_CTRL[3].offset_size_reg[31]/C
                         clock pessimism              0.170     6.059    
                         clock uncertainty           -0.130     5.928    
    SLICE_X3Y100         FDCE (Setup_DFF2_SLICEL_C_D)
                                                      0.421     6.349    design_1_i/ArgSort_AXI_1/U0/ARGSORT_IF/CTRL/MRG_RD_CTRL[3].offset_size_reg[31]
  -------------------------------------------------------------------
                         required time                          6.349    
                         arrival time                          -6.975    
  -------------------------------------------------------------------
                         slack                                 -0.626    




