Copyright 1986-2020 Xilinx, Inc. All Rights Reserved.
----------------------------------------------------------------------------------------------------
| Tool Version : Vivado v.2020.2 (win64) Build 3064766 Wed Nov 18 09:12:45 MST 2020
| Date         : Mon Jun 28 23:59:19 2021
| Host         : Jabberwock running 64-bit major release  (build 9200)
| Command      : report_utilization -file D:/ichiro/work/ArgSort-Ultra96/argsort_16_2_0/project.rpt
| Design       : design_1_wrapper
| Device       : xczu3egsbva484-1
| Design State : Routed
----------------------------------------------------------------------------------------------------

Utilization Design Information

Table of Contents
-----------------
1. CLB Logic
1.1 Summary of Registers by Type
2. CLB Logic Distribution
3. BLOCKRAM
4. ARITHMETIC
5. I/O
6. CLOCK
7. ADVANCED
8. CONFIGURATION
9. Primitives
10. Black Boxes
11. Instantiated Netlists

1. CLB Logic
------------

+----------------------------+-------+-------+-----------+-------+
|          Site Type         |  Used | Fixed | Available | Util% |
+----------------------------+-------+-------+-----------+-------+
| CLB LUTs                   | 59246 |     0 |     70560 | 83.97 |
|   LUT as Logic             | 56440 |     0 |     70560 | 79.99 |
|   LUT as Memory            |  2806 |     0 |     28800 |  9.74 |
|     LUT as Distributed RAM |  2760 |     0 |           |       |
|     LUT as Shift Register  |    46 |     0 |           |       |
| CLB Registers              | 55456 |     0 |    141120 | 39.30 |
|   Register as Flip Flop    | 55456 |     0 |    141120 | 39.30 |
|   Register as Latch        |     0 |     0 |    141120 |  0.00 |
| CARRY8                     |  1124 |     0 |      8820 | 12.74 |
| F7 Muxes                   |   145 |     0 |     35280 |  0.41 |
| F8 Muxes                   |    31 |     0 |     17640 |  0.18 |
| F9 Muxes                   |     0 |     0 |      8820 |  0.00 |
+----------------------------+-------+-------+-----------+-------+


1.1 Summary of Registers by Type
--------------------------------

+-------+--------------+-------------+--------------+
| Total | Clock Enable | Synchronous | Asynchronous |
+-------+--------------+-------------+--------------+
| 0     |            _ |           - |            - |
| 0     |            _ |           - |          Set |
| 0     |            _ |           - |        Reset |
| 0     |            _ |         Set |            - |
| 0     |            _ |       Reset |            - |
| 0     |          Yes |           - |            - |
| 273   |          Yes |           - |          Set |
| 51264 |          Yes |           - |        Reset |
| 42    |          Yes |         Set |            - |
| 3877  |          Yes |       Reset |            - |
+-------+--------------+-------------+--------------+


2. CLB Logic Distribution
-------------------------

+--------------------------------------------+-------+-------+-----------+-------+
|                  Site Type                 |  Used | Fixed | Available | Util% |
+--------------------------------------------+-------+-------+-----------+-------+
| CLB                                        |  8741 |     0 |      8820 | 99.10 |
|   CLBL                                     |  5168 |     0 |           |       |
|   CLBM                                     |  3573 |     0 |           |       |
| LUT as Logic                               | 56440 |     0 |     70560 | 79.99 |
|   using O5 output only                     |   247 |       |           |       |
|   using O6 output only                     | 39000 |       |           |       |
|   using O5 and O6                          | 17193 |       |           |       |
| LUT as Memory                              |  2806 |     0 |     28800 |  9.74 |
|   LUT as Distributed RAM                   |  2760 |     0 |           |       |
|     using O5 output only                   |     0 |       |           |       |
|     using O6 output only                   |  2560 |       |           |       |
|     using O5 and O6                        |   200 |       |           |       |
|   LUT as Shift Register                    |    46 |     0 |           |       |
|     using O5 output only                   |     0 |       |           |       |
|     using O6 output only                   |    46 |       |           |       |
|     using O5 and O6                        |     0 |       |           |       |
| CLB Registers                              | 55456 |     0 |    141120 | 39.30 |
|   Register driven from within the CLB      | 48411 |       |           |       |
|   Register driven from outside the CLB     |  7045 |       |           |       |
|     LUT in front of the register is unused |  2025 |       |           |       |
|     LUT in front of the register is used   |  5020 |       |           |       |
| Unique Control Sets                        |   653 |       |     17640 |  3.70 |
+--------------------------------------------+-------+-------+-----------+-------+
* * Note: Available Control Sets calculated as Slices * 2, Review the Control Sets Report for more information regarding control sets.


3. BLOCKRAM
-----------

+-------------------+------+-------+-----------+-------+
|     Site Type     | Used | Fixed | Available | Util% |
+-------------------+------+-------+-----------+-------+
| Block RAM Tile    |   38 |     0 |       216 | 17.59 |
|   RAMB36/FIFO*    |   38 |     0 |       216 | 17.59 |
|     RAMB36E2 only |   38 |       |           |       |
|   RAMB18          |    0 |     0 |       432 |  0.00 |
+-------------------+------+-------+-----------+-------+
* Note: Each Block RAM Tile only has one FIFO logic available and therefore can accommodate only one FIFO36E2 or one FIFO18E2. However, if a FIFO18E2 occupies a Block RAM Tile, that tile can still accommodate a RAMB18E2


4. ARITHMETIC
-------------

+-----------+------+-------+-----------+-------+
| Site Type | Used | Fixed | Available | Util% |
+-----------+------+-------+-----------+-------+
| DSPs      |    0 |     0 |       360 |  0.00 |
+-----------+------+-------+-----------+-------+


5. I/O
------

+------------------+------+-------+-----------+-------+
|     Site Type    | Used | Fixed | Available | Util% |
+------------------+------+-------+-----------+-------+
| Bonded IOB       |   18 |    18 |        82 | 21.95 |
| HPIOB_M          |    0 |     0 |        26 |  0.00 |
| HPIOB_S          |    0 |     0 |        26 |  0.00 |
| HDIOB_M          |    8 |     8 |        12 | 66.67 |
|   INPUT          |    1 |       |           |       |
|   OUTPUT         |    0 |       |           |       |
|   BIDIR          |    7 |       |           |       |
| HDIOB_S          |   10 |    10 |        12 | 83.33 |
|   INPUT          |    0 |       |           |       |
|   OUTPUT         |    1 |       |           |       |
|   BIDIR          |    9 |       |           |       |
| HPIOB_SNGL       |    0 |     0 |         6 |  0.00 |
| HPIOBDIFFINBUF   |    0 |     0 |        72 |  0.00 |
| HPIOBDIFFOUTBUF  |    0 |     0 |        72 |  0.00 |
| HDIOBDIFFINBUF   |    0 |     0 |        48 |  0.00 |
| BITSLICE_CONTROL |    0 |     0 |        24 |  0.00 |
| BITSLICE_RX_TX   |    0 |     0 |       156 |  0.00 |
| BITSLICE_TX      |    0 |     0 |        24 |  0.00 |
| RIU_OR           |    0 |     0 |        12 |  0.00 |
+------------------+------+-------+-----------+-------+


6. CLOCK
--------

+----------------------+------+-------+-----------+-------+
|       Site Type      | Used | Fixed | Available | Util% |
+----------------------+------+-------+-----------+-------+
| GLOBAL CLOCK BUFFERs |    2 |     0 |       196 |  1.02 |
|   BUFGCE             |    1 |     0 |        88 |  1.14 |
|   BUFGCE_DIV         |    0 |     0 |        12 |  0.00 |
|   BUFG_PS            |    1 |     0 |        72 |  1.39 |
|   BUFGCTRL*          |    0 |     0 |        24 |  0.00 |
| PLL                  |    0 |     0 |         6 |  0.00 |
| MMCM                 |    0 |     0 |         3 |  0.00 |
+----------------------+------+-------+-----------+-------+
* Note: Each used BUFGCTRL counts as two GLOBAL CLOCK BUFFERs. This table does not include global clocking resources, only buffer cell usage. See the Clock Utilization Report (report_clock_utilization) for detailed accounting of global clocking resource availability.


7. ADVANCED
-----------

+-----------+------+-------+-----------+--------+
| Site Type | Used | Fixed | Available |  Util% |
+-----------+------+-------+-----------+--------+
| PS8       |    1 |     0 |         1 | 100.00 |
| SYSMONE4  |    0 |     0 |         1 |   0.00 |
+-----------+------+-------+-----------+--------+


8. CONFIGURATION
----------------

+-------------+------+-------+-----------+-------+
|  Site Type  | Used | Fixed | Available | Util% |
+-------------+------+-------+-----------+-------+
| BSCANE2     |    0 |     0 |         4 |  0.00 |
| DNA_PORTE2  |    0 |     0 |         1 |  0.00 |
| EFUSE_USR   |    0 |     0 |         1 |  0.00 |
| FRAME_ECCE4 |    0 |     0 |         1 |  0.00 |
| ICAPE3      |    0 |     0 |         2 |  0.00 |
| MASTER_JTAG |    0 |     0 |         1 |  0.00 |
| STARTUPE3   |    0 |     0 |         1 |  0.00 |
+-------------+------+-------+-----------+-------+


9. Primitives
-------------

+----------+-------+---------------------+
| Ref Name |  Used | Functional Category |
+----------+-------+---------------------+
| FDCE     | 51264 |            Register |
| LUT4     | 18294 |                 CLB |
| LUT6     | 18116 |                 CLB |
| LUT3     | 17404 |                 CLB |
| LUT5     | 10918 |                 CLB |
| LUT2     |  8425 |                 CLB |
| FDRE     |  3877 |            Register |
| RAMD64E  |  2560 |                 CLB |
| CARRY8   |  1124 |                 CLB |
| LUT1     |   476 |                 CLB |
| RAMD32   |   386 |                 CLB |
| FDPE     |   273 |            Register |
| MUXF7    |   145 |                 CLB |
| FDSE     |    42 |            Register |
| RAMB36E2 |    38 |            BLOCKRAM |
| SRLC32E  |    35 |                 CLB |
| MUXF8    |    31 |                 CLB |
| INBUF    |    17 |                 I/O |
| IBUFCTRL |    17 |              Others |
| OBUFT    |    16 |                 I/O |
| RAMS32   |    14 |                 CLB |
| SRL16E   |    11 |                 CLB |
| PS8      |     1 |            Advanced |
| OBUF     |     1 |                 I/O |
| BUFG_PS  |     1 |               Clock |
| BUFGCE   |     1 |               Clock |
+----------+-------+---------------------+


10. Black Boxes
---------------

+----------+------+
| Ref Name | Used |
+----------+------+


11. Instantiated Netlists
-------------------------

+---------------------------------+------+
|             Ref Name            | Used |
+---------------------------------+------+
| design_1_zynq_ultra_ps_e_0_0    |    1 |
| design_1_xbar_0                 |    1 |
| design_1_proc_sys_reset_0_0     |    1 |
| design_1_axi_gpio_0_0           |    1 |
| design_1_auto_pc_0              |    1 |
| design_1_auto_ds_0              |    1 |
| design_1_ZYNQMP_ACP_ADAPTER_0_0 |    1 |
| design_1_ArgSort_AXI_1_0        |    1 |
+---------------------------------+------+


Copyright 1986-2020 Xilinx, Inc. All Rights Reserved.
------------------------------------------------------------------------------------------------------------
| Tool Version      : Vivado v.2020.2 (win64) Build 3064766 Wed Nov 18 09:12:45 MST 2020
| Date              : Mon Jun 28 23:59:35 2021
| Host              : Jabberwock running 64-bit major release  (build 9200)
| Command           : report_timing -file D:/ichiro/work/ArgSort-Ultra96/argsort_16_2_0/project.rpt -append
| Design            : design_1_wrapper
| Device            : xczu3eg-sbva484
| Speed File        : -1  PRODUCTION 1.29 08-03-2020
| Temperature Grade : E
------------------------------------------------------------------------------------------------------------

Timing Report

Slack (MET) :             0.030ns  (required time - arrival time)
  Source:                 design_1_i/ArgSort_AXI_1/U0/ARGSORT_IF/MRG_RD/AXI_IF/REQ_QUEUE/QUEUE_SIZE_GT_0.curr_queue_data_reg[1][SEL][2]/C
                            (rising edge-triggered cell FDCE clocked by clk_pl_0  {rise@0.000ns fall@2.000ns period=4.000ns})
  Destination:            design_1_i/ArgSort_AXI_1/U0/ARGSORT_IF/MRG_RD/READER/CH[14].CTRL/I_SIDE/CTRL_REGS/error_flag_reg/D
                            (rising edge-triggered cell FDCE clocked by clk_pl_0  {rise@0.000ns fall@2.000ns period=4.000ns})
  Path Group:             clk_pl_0
  Path Type:              Setup (Max at Slow Process Corner)
  Requirement:            4.000ns  (clk_pl_0 rise@4.000ns - clk_pl_0 rise@0.000ns)
  Data Path Delay:        3.772ns  (logic 1.313ns (34.809%)  route 2.459ns (65.191%))
  Logic Levels:           14  (LUT3=3 LUT6=11)
  Clock Path Skew:        -0.095ns (DCD - SCD + CPR)
    Destination Clock Delay (DCD):    1.852ns = ( 5.852 - 4.000 ) 
    Source Clock Delay      (SCD):    2.117ns
    Clock Pessimism Removal (CPR):    0.170ns
  Clock Uncertainty:      0.130ns  ((TSJ^2 + DJ^2)^1/2) / 2 + PE
    Total System Jitter     (TSJ):    0.071ns
    Discrete Jitter          (DJ):    0.251ns
    Phase Error              (PE):    0.000ns
  Clock Net Delay (Source):      1.910ns (routing 0.803ns, distribution 1.107ns)
  Clock Net Delay (Destination): 1.685ns (routing 0.727ns, distribution 0.958ns)

    Location             Delay type                Incr(ns)  Path(ns)    Netlist Resource(s)
  -------------------------------------------------------------------    -------------------
                         (clock clk_pl_0 rise edge)
                                                      0.000     0.000 r  
    PS8_X0Y0             PS8                          0.000     0.000 r  design_1_i/zynq_ultra_ps_e_0/U0/PS8_i/PLCLK[0]
                         net (fo=1, routed)           0.178     0.178    design_1_i/zynq_ultra_ps_e_0/U0/pl_clk_unbuffered[0]
    BUFG_PS_X0Y62        BUFG_PS (Prop_BUFG_PS_I_O)
                                                      0.029     0.207 r  design_1_i/zynq_ultra_ps_e_0/U0/buffer_pl_clk_0.PL_CLK_0_BUFG/O
    X0Y1 (CLOCK_ROOT)    net (fo=58542, routed)       1.910     2.117    design_1_i/ArgSort_AXI_1/U0/ARGSORT_IF/MRG_RD/AXI_IF/REQ_QUEUE/ACLK
    SLICE_X19Y113        FDCE                                         r  design_1_i/ArgSort_AXI_1/U0/ARGSORT_IF/MRG_RD/AXI_IF/REQ_QUEUE/QUEUE_SIZE_GT_0.curr_queue_data_reg[1][SEL][2]/C
  -------------------------------------------------------------------    -------------------
    SLICE_X19Y113        FDCE (Prop_DFF2_SLICEM_C_Q)
                                                      0.098     2.215 f  design_1_i/ArgSort_AXI_1/U0/ARGSORT_IF/MRG_RD/AXI_IF/REQ_QUEUE/QUEUE_SIZE_GT_0.curr_queue_data_reg[1][SEL][2]/Q
                         net (fo=4, routed)           0.351     2.566    design_1_i/ArgSort_AXI_1/U0/ARGSORT_IF/MRG_RD/AXI_IF/REQ_QUEUE/req_queue_select[2]
    SLICE_X19Y114        LUT6 (Prop_G6LUT_SLICEM_I3_O)
                                                      0.179     2.745 f  design_1_i/ArgSort_AXI_1/U0/ARGSORT_IF/MRG_RD/AXI_IF/REQ_QUEUE/tran_state[2]_i_6__1/O
                         net (fo=4, routed)           0.179     2.924    design_1_i/ArgSort_AXI_1/U0/ARGSORT_IF/MRG_RD/AXI_IF/REQ_QUEUE/tran_state[2]_i_6__1_n_0
    SLICE_X19Y117        LUT6 (Prop_D6LUT_SLICEM_I4_O)
                                                      0.174     3.098 f  design_1_i/ArgSort_AXI_1/U0/ARGSORT_IF/MRG_RD/AXI_IF/REQ_QUEUE/AADDR[31]_i_11/O
                         net (fo=1, routed)           0.105     3.203    design_1_i/ArgSort_AXI_1/U0/ARGSORT_IF/MRG_RD/AXI_IF/REQ_QUEUE/AADDR[31]_i_11_n_0
    SLICE_X19Y115        LUT6 (Prop_C6LUT_SLICEM_I4_O)
                                                      0.062     3.265 f  design_1_i/ArgSort_AXI_1/U0/ARGSORT_IF/MRG_RD/AXI_IF/REQ_QUEUE/AADDR[31]_i_4__0/O
                         net (fo=2, routed)           0.115     3.380    design_1_i/ArgSort_AXI_1/U0/ARGSORT_IF/MRG_RD/AXI_IF/REQ_QUEUE/AADDR[31]_i_4__0_n_0
    SLICE_X18Y115        LUT6 (Prop_B6LUT_SLICEL_I2_O)
                                                      0.115     3.495 r  design_1_i/ArgSort_AXI_1/U0/ARGSORT_IF/MRG_RD/AXI_IF/REQ_QUEUE/AADDR[31]_i_1__0/O
                         net (fo=57, routed)          0.264     3.759    design_1_i/ArgSort_AXI_1/U0/ARGSORT_IF/MRG_RD/AXI_IF/REQ_QUEUE/addr_valid
    SLICE_X19Y119        LUT6 (Prop_F6LUT_SLICEM_I5_O)
                                                      0.038     3.797 r  design_1_i/ArgSort_AXI_1/U0/ARGSORT_IF/MRG_RD/AXI_IF/REQ_QUEUE/QUEUE_SIZE_GT_0.curr_queue_data[3][SEL][15]_i_1/O
                         net (fo=63, routed)          0.249     4.046    design_1_i/ArgSort_AXI_1/U0/ARGSORT_IF/MRG_RD/AXI_IF/REQ_QUEUE/curr_queue_data[3][INFO]
    SLICE_X19Y118        LUT6 (Prop_E6LUT_SLICEM_I2_O)
                                                      0.063     4.109 f  design_1_i/ArgSort_AXI_1/U0/ARGSORT_IF/MRG_RD/AXI_IF/REQ_QUEUE/xfer_reg_error[14]_i_7/O
                         net (fo=2, routed)           0.132     4.241    design_1_i/ArgSort_AXI_1/U0/ARGSORT_IF/MRG_RD/AXI_IF/REQ_QUEUE/valid1151_out
    SLICE_X18Y118        LUT6 (Prop_C6LUT_SLICEL_I4_O)
                                                      0.174     4.415 r  design_1_i/ArgSort_AXI_1/U0/ARGSORT_IF/MRG_RD/AXI_IF/REQ_QUEUE/xfer_reg_error[14]_i_2/O
                         net (fo=3, routed)           0.216     4.631    design_1_i/ArgSort_AXI_1/U0/ARGSORT_IF/MRG_RD/AXI_IF/REQ_QUEUE/curr_valid_reg[14]
    SLICE_X15Y117        LUT3 (Prop_H6LUT_SLICEL_I1_O)
                                                      0.040     4.671 r  design_1_i/ArgSort_AXI_1/U0/ARGSORT_IF/MRG_RD/AXI_IF/REQ_QUEUE/tran_state[2]_i_4__1/O
                         net (fo=3, routed)           0.126     4.797    design_1_i/ArgSort_AXI_1/U0/ARGSORT_IF/MRG_RD/READER/CH[14].CTRL/I_SIDE/CTRL_REGS/xfer_done[0]
    SLICE_X15Y115        LUT6 (Prop_H6LUT_SLICEL_I0_O)
                                                      0.064     4.861 f  design_1_i/ArgSort_AXI_1/U0/ARGSORT_IF/MRG_RD/READER/CH[14].CTRL/I_SIDE/CTRL_REGS/i___1_i_3__14/O
                         net (fo=1, routed)           0.334     5.195    design_1_i/ArgSort_AXI_1/U0/ARGSORT_IF/MRG_RD/READER/CH[14].CTRL/I_SIDE/CTRL_REGS/i___1_i_3__14_n_0
    SLICE_X14Y115        LUT6 (Prop_A6LUT_SLICEM_I1_O)
                                                      0.040     5.235 f  design_1_i/ArgSort_AXI_1/U0/ARGSORT_IF/MRG_RD/READER/CH[14].CTRL/I_SIDE/CTRL_REGS/i___1_i_2__14/O
                         net (fo=1, routed)           0.052     5.287    design_1_i/ArgSort_AXI_1/U0/ARGSORT_IF/MRG_RD/READER/CH[14].CTRL/I_SIDE/CTRL_REGS/i___1_i_2__14_n_0
    SLICE_X14Y115        LUT6 (Prop_B6LUT_SLICEM_I4_O)
                                                      0.100     5.387 f  design_1_i/ArgSort_AXI_1/U0/ARGSORT_IF/MRG_RD/READER/CH[14].CTRL/I_SIDE/CTRL_REGS/i___1_i_1__14/O
                         net (fo=4, routed)           0.057     5.444    design_1_i/ArgSort_AXI_1/U0/ARGSORT_IF/MRG_RD/READER/CH[14].CTRL/I_SIDE_n_121
    SLICE_X14Y115        LUT3 (Prop_E6LUT_SLICEM_I0_O)
                                                      0.039     5.483 r  design_1_i/ArgSort_AXI_1/U0/ARGSORT_IF/MRG_RD/READER/CH[14].CTRL/i___39/O
                         net (fo=2, routed)           0.111     5.594    design_1_i/ArgSort_AXI_1/U0/ARGSORT_IF/MRG_RD/READER/CH[14].CTRL/I_SIDE/CTRL_REGS/none_flag_reg_1
    SLICE_X14Y114        LUT6 (Prop_E6LUT_SLICEM_I0_O)
                                                      0.063     5.657 r  design_1_i/ArgSort_AXI_1/U0/ARGSORT_IF/MRG_RD/READER/CH[14].CTRL/I_SIDE/CTRL_REGS/error_flag_i_2__14/O
                         net (fo=1, routed)           0.110     5.767    design_1_i/ArgSort_AXI_1/U0/ARGSORT_IF/MRG_RD/READER/CH[14].CTRL/I_SIDE/CTRL_REGS/error_bit
    SLICE_X13Y114        LUT3 (Prop_B6LUT_SLICEL_I1_O)
                                                      0.064     5.831 r  design_1_i/ArgSort_AXI_1/U0/ARGSORT_IF/MRG_RD/READER/CH[14].CTRL/I_SIDE/CTRL_REGS/error_flag_i_1__14/O
                         net (fo=1, routed)           0.058     5.889    design_1_i/ArgSort_AXI_1/U0/ARGSORT_IF/MRG_RD/READER/CH[14].CTRL/I_SIDE/CTRL_REGS/error_flag_i_1__14_n_0
    SLICE_X13Y114        FDCE                                         r  design_1_i/ArgSort_AXI_1/U0/ARGSORT_IF/MRG_RD/READER/CH[14].CTRL/I_SIDE/CTRL_REGS/error_flag_reg/D
  -------------------------------------------------------------------    -------------------

                         (clock clk_pl_0 rise edge)
                                                      4.000     4.000 r  
    PS8_X0Y0             PS8                          0.000     4.000 r  design_1_i/zynq_ultra_ps_e_0/U0/PS8_i/PLCLK[0]
                         net (fo=1, routed)           0.140     4.140    design_1_i/zynq_ultra_ps_e_0/U0/pl_clk_unbuffered[0]
    BUFG_PS_X0Y62        BUFG_PS (Prop_BUFG_PS_I_O)
                                                      0.027     4.167 r  design_1_i/zynq_ultra_ps_e_0/U0/buffer_pl_clk_0.PL_CLK_0_BUFG/O
    X0Y1 (CLOCK_ROOT)    net (fo=58542, routed)       1.685     5.852    design_1_i/ArgSort_AXI_1/U0/ARGSORT_IF/MRG_RD/READER/CH[14].CTRL/I_SIDE/CTRL_REGS/ACLK
    SLICE_X13Y114        FDCE                                         r  design_1_i/ArgSort_AXI_1/U0/ARGSORT_IF/MRG_RD/READER/CH[14].CTRL/I_SIDE/CTRL_REGS/error_flag_reg/C
                         clock pessimism              0.170     6.022    
                         clock uncertainty           -0.130     5.892    
    SLICE_X13Y114        FDCE (Setup_BFF_SLICEL_C_D)
                                                      0.027     5.919    design_1_i/ArgSort_AXI_1/U0/ARGSORT_IF/MRG_RD/READER/CH[14].CTRL/I_SIDE/CTRL_REGS/error_flag_reg
  -------------------------------------------------------------------
                         required time                          5.919    
                         arrival time                          -5.889    
  -------------------------------------------------------------------
                         slack                                  0.030    




