Copyright 1986-2020 Xilinx, Inc. All Rights Reserved.
----------------------------------------------------------------------------------------------------
| Tool Version : Vivado v.2020.1 (win64) Build 2902540 Wed May 27 19:54:49 MDT 2020
| Date         : Wed Nov 18 14:09:16 2020
| Host         : Jabberwock running 64-bit major release  (build 9200)
| Command      : report_utilization -file D:/ichiro/work/ArgSort-Ultra96/argsort_32_1_2/project.rpt
| Design       : design_1_wrapper
| Device       : xczu3egsbva484-1
| Design State : Physopt postRoute
----------------------------------------------------------------------------------------------------

Utilization Design Information

Table of Contents
-----------------
1. CLB Logic
1.1 Summary of Registers by Type
2. CLB Logic Distribution
3. BLOCKRAM
4. ARITHMETIC
5. I/O
6. CLOCK
7. ADVANCED
8. CONFIGURATION
9. Primitives
10. Black Boxes
11. Instantiated Netlists

1. CLB Logic
------------

+----------------------------+-------+-------+-----------+-------+
|          Site Type         |  Used | Fixed | Available | Util% |
+----------------------------+-------+-------+-----------+-------+
| CLB LUTs                   | 65957 |     0 |     70560 | 93.48 |
|   LUT as Logic             | 65711 |     0 |     70560 | 93.13 |
|   LUT as Memory            |   246 |     0 |     28800 |  0.85 |
|     LUT as Distributed RAM |   200 |     0 |           |       |
|     LUT as Shift Register  |    46 |     0 |           |       |
| CLB Registers              | 45128 |     0 |    141120 | 31.98 |
|   Register as Flip Flop    | 45128 |     0 |    141120 | 31.98 |
|   Register as Latch        |     0 |     0 |    141120 |  0.00 |
| CARRY8                     |  1983 |     0 |      8820 | 22.48 |
| F7 Muxes                   |    88 |     0 |     35280 |  0.25 |
| F8 Muxes                   |     0 |     0 |     17640 |  0.00 |
| F9 Muxes                   |     0 |     0 |      8820 |  0.00 |
+----------------------------+-------+-------+-----------+-------+


1.1 Summary of Registers by Type
--------------------------------

+-------+--------------+-------------+--------------+
| Total | Clock Enable | Synchronous | Asynchronous |
+-------+--------------+-------------+--------------+
| 0     |            _ |           - |            - |
| 0     |            _ |           - |          Set |
| 0     |            _ |           - |        Reset |
| 0     |            _ |         Set |            - |
| 0     |            _ |       Reset |            - |
| 0     |          Yes |           - |            - |
| 218   |          Yes |           - |          Set |
| 43120 |          Yes |           - |        Reset |
| 42    |          Yes |         Set |            - |
| 1748  |          Yes |       Reset |            - |
+-------+--------------+-------------+--------------+


2. CLB Logic Distribution
-------------------------

+--------------------------------------------+-------+-------+-----------+--------+
|                  Site Type                 |  Used | Fixed | Available |  Util% |
+--------------------------------------------+-------+-------+-----------+--------+
| CLB                                        |  8820 |     0 |      8820 | 100.00 |
|   CLBL                                     |  5220 |     0 |           |        |
|   CLBM                                     |  3600 |     0 |           |        |
| LUT as Logic                               | 65711 |     0 |     70560 |  93.13 |
|   using O5 output only                     |   340 |       |           |        |
|   using O6 output only                     | 47503 |       |           |        |
|   using O5 and O6                          | 17868 |       |           |        |
| LUT as Memory                              |   246 |     0 |     28800 |   0.85 |
|   LUT as Distributed RAM                   |   200 |     0 |           |        |
|     using O5 output only                   |     0 |       |           |        |
|     using O6 output only                   |     0 |       |           |        |
|     using O5 and O6                        |   200 |       |           |        |
|   LUT as Shift Register                    |    46 |     0 |           |        |
|     using O5 output only                   |     0 |       |           |        |
|     using O6 output only                   |    46 |       |           |        |
|     using O5 and O6                        |     0 |       |           |        |
| CLB Registers                              | 45128 |     0 |    141120 |  31.98 |
|   Register driven from within the CLB      | 40611 |       |           |        |
|   Register driven from outside the CLB     |  4517 |       |           |        |
|     LUT in front of the register is unused |   288 |       |           |        |
|     LUT in front of the register is used   |  4229 |       |           |        |
| Unique Control Sets                        |   774 |       |     17640 |   4.39 |
+--------------------------------------------+-------+-------+-----------+--------+
* * Note: Available Control Sets calculated as Slices * 2, Review the Control Sets Report for more information regarding control sets.


3. BLOCKRAM
-----------

+-------------------+------+-------+-----------+-------+
|     Site Type     | Used | Fixed | Available | Util% |
+-------------------+------+-------+-----------+-------+
| Block RAM Tile    |  198 |     0 |       216 | 91.67 |
|   RAMB36/FIFO*    |  198 |     0 |       216 | 91.67 |
|     RAMB36E2 only |  198 |       |           |       |
|   RAMB18          |    0 |     0 |       432 |  0.00 |
+-------------------+------+-------+-----------+-------+
* Note: Each Block RAM Tile only has one FIFO logic available and therefore can accommodate only one FIFO36E2 or one FIFO18E2. However, if a FIFO18E2 occupies a Block RAM Tile, that tile can still accommodate a RAMB18E2


4. ARITHMETIC
-------------

+-----------+------+-------+-----------+-------+
| Site Type | Used | Fixed | Available | Util% |
+-----------+------+-------+-----------+-------+
| DSPs      |    0 |     0 |       360 |  0.00 |
+-----------+------+-------+-----------+-------+


5. I/O
------

+------------------+------+-------+-----------+-------+
|     Site Type    | Used | Fixed | Available | Util% |
+------------------+------+-------+-----------+-------+
| Bonded IOB       |   18 |    18 |        82 | 21.95 |
| HPIOB_M          |    0 |     0 |        26 |  0.00 |
| HPIOB_S          |    0 |     0 |        26 |  0.00 |
| HDIOB_M          |    8 |     8 |        12 | 66.67 |
|   INPUT          |    1 |       |           |       |
|   OUTPUT         |    0 |       |           |       |
|   BIDIR          |    7 |       |           |       |
| HDIOB_S          |   10 |    10 |        12 | 83.33 |
|   INPUT          |    0 |       |           |       |
|   OUTPUT         |    1 |       |           |       |
|   BIDIR          |    9 |       |           |       |
| HPIOB_SNGL       |    0 |     0 |         6 |  0.00 |
| HPIOBDIFFINBUF   |    0 |     0 |        72 |  0.00 |
| HPIOBDIFFOUTBUF  |    0 |     0 |        72 |  0.00 |
| HDIOBDIFFINBUF   |    0 |     0 |        48 |  0.00 |
| BITSLICE_CONTROL |    0 |     0 |        24 |  0.00 |
| BITSLICE_RX_TX   |    0 |     0 |       156 |  0.00 |
| BITSLICE_TX      |    0 |     0 |        24 |  0.00 |
| RIU_OR           |    0 |     0 |        12 |  0.00 |
+------------------+------+-------+-----------+-------+


6. CLOCK
--------

+----------------------+------+-------+-----------+-------+
|       Site Type      | Used | Fixed | Available | Util% |
+----------------------+------+-------+-----------+-------+
| GLOBAL CLOCK BUFFERs |    2 |     0 |       196 |  1.02 |
|   BUFGCE             |    1 |     0 |        88 |  1.14 |
|   BUFGCE_DIV         |    0 |     0 |        12 |  0.00 |
|   BUFG_PS            |    1 |     0 |        72 |  1.39 |
|   BUFGCTRL*          |    0 |     0 |        24 |  0.00 |
| PLL                  |    0 |     0 |         6 |  0.00 |
| MMCM                 |    0 |     0 |         3 |  0.00 |
+----------------------+------+-------+-----------+-------+
* Note: Each used BUFGCTRL counts as two GLOBAL CLOCK BUFFERs. This table does not include global clocking resources, only buffer cell usage. See the Clock Utilization Report (report_clock_utilization) for detailed accounting of global clocking resource availability.


7. ADVANCED
-----------

+-----------+------+-------+-----------+--------+
| Site Type | Used | Fixed | Available |  Util% |
+-----------+------+-------+-----------+--------+
| PS8       |    1 |     0 |         1 | 100.00 |
| SYSMONE4  |    0 |     0 |         1 |   0.00 |
+-----------+------+-------+-----------+--------+


8. CONFIGURATION
----------------

+-------------+------+-------+-----------+-------+
|  Site Type  | Used | Fixed | Available | Util% |
+-------------+------+-------+-----------+-------+
| BSCANE2     |    0 |     0 |         4 |  0.00 |
| DNA_PORTE2  |    0 |     0 |         1 |  0.00 |
| EFUSE_USR   |    0 |     0 |         1 |  0.00 |
| FRAME_ECCE4 |    0 |     0 |         1 |  0.00 |
| ICAPE3      |    0 |     0 |         2 |  0.00 |
| MASTER_JTAG |    0 |     0 |         1 |  0.00 |
| STARTUPE3   |    0 |     0 |         1 |  0.00 |
+-------------+------+-------+-----------+-------+


9. Primitives
-------------

+----------+-------+---------------------+
| Ref Name |  Used | Functional Category |
+----------+-------+---------------------+
| FDCE     | 43120 |            Register |
| LUT6     | 25204 |                 CLB |
| LUT4     | 18707 |                 CLB |
| LUT3     | 15233 |                 CLB |
| LUT2     | 11884 |                 CLB |
| LUT5     | 11776 |                 CLB |
| CARRY8   |  1983 |                 CLB |
| FDRE     |  1748 |            Register |
| LUT1     |   775 |                 CLB |
| RAMD32   |   386 |                 CLB |
| FDPE     |   218 |            Register |
| RAMB36E2 |   198 |           Block Ram |
| MUXF7    |    88 |                 CLB |
| FDSE     |    42 |            Register |
| SRLC32E  |    35 |                 CLB |
| INBUF    |    17 |                 I/O |
| IBUFCTRL |    17 |              Others |
| OBUFT    |    16 |                 I/O |
| RAMS32   |    14 |                 CLB |
| SRL16E   |    11 |                 CLB |
| PS8      |     1 |            Advanced |
| OBUF     |     1 |                 I/O |
| BUFG_PS  |     1 |               Clock |
| BUFGCE   |     1 |               Clock |
+----------+-------+---------------------+


10. Black Boxes
---------------

+----------+------+
| Ref Name | Used |
+----------+------+


11. Instantiated Netlists
-------------------------

+---------------------------------+------+
|             Ref Name            | Used |
+---------------------------------+------+
| design_1_zynq_ultra_ps_e_0_0    |    1 |
| design_1_xbar_0                 |    1 |
| design_1_proc_sys_reset_0_0     |    1 |
| design_1_axi_gpio_0_0           |    1 |
| design_1_auto_pc_0              |    1 |
| design_1_auto_ds_0              |    1 |
| design_1_ZYNQMP_ACP_ADAPTER_0_0 |    1 |
| design_1_ArgSort_AXI_1_0        |    1 |
+---------------------------------+------+


Copyright 1986-2020 Xilinx, Inc. All Rights Reserved.
------------------------------------------------------------------------------------------------------------
| Tool Version      : Vivado v.2020.1 (win64) Build 2902540 Wed May 27 19:54:49 MDT 2020
| Date              : Wed Nov 18 14:09:38 2020
| Host              : Jabberwock running 64-bit major release  (build 9200)
| Command           : report_timing -file D:/ichiro/work/ArgSort-Ultra96/argsort_32_1_2/project.rpt -append
| Design            : design_1_wrapper
| Device            : xczu3eg-sbva484
| Speed File        : -1  PRODUCTION 1.27 02-28-2020
| Temperature Grade : E
------------------------------------------------------------------------------------------------------------

Timing Report

Slack (VIOLATED) :        -0.034ns  (required time - arrival time)
  Source:                 design_1_i/ArgSort_AXI_1/U0/ARGSORT_IF/MRG_RD/AXI_IF/REQ_QUEUE/QUEUE_SIZE_GT_0.curr_queue_valid_reg[1]_replica_2/C
                            (rising edge-triggered cell FDCE clocked by clk_pl_0  {rise@0.000ns fall@2.000ns period=4.000ns})
  Destination:            design_1_i/ArgSort_AXI_1/U0/ARGSORT_IF/MRG_RD/READER/CH[20].CTRL/I_SIDE/CTRL_REGS/error_flag_reg/D
                            (rising edge-triggered cell FDCE clocked by clk_pl_0  {rise@0.000ns fall@2.000ns period=4.000ns})
  Path Group:             clk_pl_0
  Path Type:              Setup (Max at Slow Process Corner)
  Requirement:            4.000ns  (clk_pl_0 rise@4.000ns - clk_pl_0 rise@0.000ns)
  Data Path Delay:        3.975ns  (logic 1.283ns (32.277%)  route 2.692ns (67.723%))
  Logic Levels:           14  (LUT3=2 LUT4=1 LUT6=11)
  Clock Path Skew:        0.044ns (DCD - SCD + CPR)
    Destination Clock Delay (DCD):    2.070ns = ( 6.070 - 4.000 ) 
    Source Clock Delay      (SCD):    2.143ns
    Clock Pessimism Removal (CPR):    0.117ns
  Clock Uncertainty:      0.130ns  ((TSJ^2 + DJ^2)^1/2) / 2 + PE
    Total System Jitter     (TSJ):    0.071ns
    Discrete Jitter          (DJ):    0.251ns
    Phase Error              (PE):    0.000ns
  Clock Net Delay (Source):      1.936ns (routing 0.815ns, distribution 1.121ns)
  Clock Net Delay (Destination): 1.903ns (routing 0.738ns, distribution 1.165ns)

    Location             Delay type                Incr(ns)  Path(ns)    Netlist Resource(s)
  -------------------------------------------------------------------    -------------------
                         (clock clk_pl_0 rise edge)
                                                      0.000     0.000 r  
    PS8_X0Y0             PS8                          0.000     0.000 r  design_1_i/zynq_ultra_ps_e_0/U0/PS8_i/PLCLK[0]
                         net (fo=1, routed)           0.178     0.178    design_1_i/zynq_ultra_ps_e_0/U0/pl_clk_unbuffered[0]
    BUFG_PS_X0Y69        BUFG_PS (Prop_BUFG_PS_I_O)
                                                      0.029     0.207 r  design_1_i/zynq_ultra_ps_e_0/U0/buffer_pl_clk_0.PL_CLK_0_BUFG/O
    X0Y1 (CLOCK_ROOT)    net (fo=45974, routed)       1.936     2.143    design_1_i/ArgSort_AXI_1/U0/ARGSORT_IF/MRG_RD/AXI_IF/REQ_QUEUE/ACLK
    SLICE_X17Y97         FDCE                                         r  design_1_i/ArgSort_AXI_1/U0/ARGSORT_IF/MRG_RD/AXI_IF/REQ_QUEUE/QUEUE_SIZE_GT_0.curr_queue_valid_reg[1]_replica_2/C
  -------------------------------------------------------------------    -------------------
    SLICE_X17Y97         FDCE (Prop_CFF_SLICEL_C_Q)
                                                      0.097     2.240 r  design_1_i/ArgSort_AXI_1/U0/ARGSORT_IF/MRG_RD/AXI_IF/REQ_QUEUE/QUEUE_SIZE_GT_0.curr_queue_valid_reg[1]_replica_2/Q
                         net (fo=3, routed)           0.303     2.543    design_1_i/ArgSort_AXI_1/U0/ARGSORT_IF/MRG_RD/AXI_IF/REQ_QUEUE/Q_VALID_repN_2
    SLICE_X15Y96         LUT6 (Prop_A6LUT_SLICEL_I2_O)
                                                      0.149     2.692 r  design_1_i/ArgSort_AXI_1/U0/ARGSORT_IF/MRG_RD/AXI_IF/REQ_QUEUE/tran_state[2]_i_6__8/O
                         net (fo=3, routed)           0.201     2.893    design_1_i/ArgSort_AXI_1/U0/ARGSORT_IF/MRG_RD/AXI_IF/REQ_QUEUE/tran_state[2]_i_6__8_n_0
    SLICE_X15Y101        LUT6 (Prop_G6LUT_SLICEL_I3_O)
                                                      0.147     3.040 r  design_1_i/ArgSort_AXI_1/U0/ARGSORT_IF/MRG_RD/AXI_IF/REQ_QUEUE/tran_err_i_3__8/O
                         net (fo=3, routed)           0.055     3.095    design_1_i/ArgSort_AXI_1/U0/ARGSORT_IF/MRG_RD/AXI_IF/AR/xfer_error[9]
    SLICE_X15Y101        LUT4 (Prop_H6LUT_SLICEL_I3_O)
                                                      0.064     3.159 r  design_1_i/ArgSort_AXI_1/U0/ARGSORT_IF/MRG_RD/AXI_IF/AR/AADDR[31]_i_6/O
                         net (fo=2, routed)           0.291     3.450    design_1_i/ArgSort_AXI_1/U0/ARGSORT_IF/MRG_RD/AXI_IF/AR/AADDR[31]_i_6_n_0
    SLICE_X14Y101        LUT6 (Prop_D6LUT_SLICEM_I2_O)
                                                      0.147     3.597 r  design_1_i/ArgSort_AXI_1/U0/ARGSORT_IF/MRG_RD/AXI_IF/AR/AADDR[31]_i_2/O
                         net (fo=1, routed)           0.102     3.699    design_1_i/ArgSort_AXI_1/U0/ARGSORT_IF/MRG_RD/AXI_IF/AR/MAX_XFER_SIZE_GEN.REQ_SIZE_VALID_NE_0.GEN/ALEN_reg[0]
    SLICE_X14Y102        LUT6 (Prop_G6LUT_SLICEM_I2_O)
                                                      0.100     3.799 f  design_1_i/ArgSort_AXI_1/U0/ARGSORT_IF/MRG_RD/AXI_IF/AR/MAX_XFER_SIZE_GEN.REQ_SIZE_VALID_NE_0.GEN/AADDR[31]_i_1/O
                         net (fo=79, routed)          0.151     3.950    design_1_i/ArgSort_AXI_1/U0/ARGSORT_IF/MRG_RD/AXI_IF/REQ_QUEUE/xfer_req_valid
    SLICE_X14Y102        LUT6 (Prop_A6LUT_SLICEM_I5_O)
                                                      0.064     4.014 f  design_1_i/ArgSort_AXI_1/U0/ARGSORT_IF/MRG_RD/AXI_IF/REQ_QUEUE/QUEUE_SIZE_GT_0.curr_queue_valid[3]_i_1/O
                         net (fo=39, routed)          0.469     4.483    design_1_i/ArgSort_AXI_1/U0/ARGSORT_IF/MRG_RD/AXI_IF/REQ_QUEUE/QUEUE_SIZE_GT_0.curr_queue_valid[3]_i_1_n_0
    SLICE_X15Y105        LUT6 (Prop_F6LUT_SLICEL_I0_O)
                                                      0.062     4.545 f  design_1_i/ArgSort_AXI_1/U0/ARGSORT_IF/MRG_RD/AXI_IF/REQ_QUEUE/tran_state[2]_i_9__10/O
                         net (fo=1, routed)           0.113     4.658    design_1_i/ArgSort_AXI_1/U0/ARGSORT_IF/MRG_RD/AXI_IF/REQ_QUEUE/valid1330_out
    SLICE_X15Y103        LUT6 (Prop_D6LUT_SLICEL_I3_O)
                                                      0.147     4.805 r  design_1_i/ArgSort_AXI_1/U0/ARGSORT_IF/MRG_RD/AXI_IF/REQ_QUEUE/tran_state[2]_i_4__10/O
                         net (fo=5, routed)           0.476     5.281    design_1_i/ArgSort_AXI_1/U0/ARGSORT_IF/MRG_RD/AXI_IF/REQ_QUEUE/xfer_run_busy_reg[20]_0
    SLICE_X14Y120        LUT6 (Prop_B6LUT_SLICEM_I0_O)
                                                      0.063     5.344 f  design_1_i/ArgSort_AXI_1/U0/ARGSORT_IF/MRG_RD/AXI_IF/REQ_QUEUE/i___1_i_3__16/O
                         net (fo=1, routed)           0.050     5.394    design_1_i/ArgSort_AXI_1/U0/ARGSORT_IF/MRG_RD/READER/CH[20].CTRL/I_SIDE/CTRL_REGS/i___1_i_1__19_0
    SLICE_X14Y120        LUT6 (Prop_E6LUT_SLICEM_I1_O)
                                                      0.039     5.433 f  design_1_i/ArgSort_AXI_1/U0/ARGSORT_IF/MRG_RD/READER/CH[20].CTRL/I_SIDE/CTRL_REGS/i___1_i_2__16/O
                         net (fo=1, routed)           0.048     5.481    design_1_i/ArgSort_AXI_1/U0/ARGSORT_IF/MRG_RD/READER/CH[20].CTRL/I_SIDE/CTRL_REGS/i___1_i_2__16_n_0
    SLICE_X14Y120        LUT6 (Prop_C6LUT_SLICEM_I4_O)
                                                      0.038     5.519 f  design_1_i/ArgSort_AXI_1/U0/ARGSORT_IF/MRG_RD/READER/CH[20].CTRL/I_SIDE/CTRL_REGS/i___1_i_1__19/O
                         net (fo=4, routed)           0.117     5.636    design_1_i/ArgSort_AXI_1/U0/ARGSORT_IF/MRG_RD/READER/CH[20].CTRL/I_SIDE_n_123
    SLICE_X13Y120        LUT3 (Prop_B6LUT_SLICEL_I0_O)
                                                      0.064     5.700 r  design_1_i/ArgSort_AXI_1/U0/ARGSORT_IF/MRG_RD/READER/CH[20].CTRL/i___38/O
                         net (fo=2, routed)           0.106     5.806    design_1_i/ArgSort_AXI_1/U0/ARGSORT_IF/MRG_RD/READER/CH[20].CTRL/I_SIDE/CTRL_REGS/none_flag_reg_1
    SLICE_X13Y120        LUT6 (Prop_G6LUT_SLICEL_I0_O)
                                                      0.038     5.844 r  design_1_i/ArgSort_AXI_1/U0/ARGSORT_IF/MRG_RD/READER/CH[20].CTRL/I_SIDE/CTRL_REGS/error_flag_i_2__19/O
                         net (fo=1, routed)           0.156     6.000    design_1_i/ArgSort_AXI_1/U0/ARGSORT_IF/MRG_RD/READER/CH[20].CTRL/I_SIDE/CTRL_REGS/error_bit
    SLICE_X12Y120        LUT3 (Prop_E6LUT_SLICEL_I1_O)
                                                      0.064     6.064 r  design_1_i/ArgSort_AXI_1/U0/ARGSORT_IF/MRG_RD/READER/CH[20].CTRL/I_SIDE/CTRL_REGS/error_flag_i_1__19/O
                         net (fo=1, routed)           0.054     6.118    design_1_i/ArgSort_AXI_1/U0/ARGSORT_IF/MRG_RD/READER/CH[20].CTRL/I_SIDE/CTRL_REGS/error_flag_i_1__19_n_0
    SLICE_X12Y120        FDCE                                         r  design_1_i/ArgSort_AXI_1/U0/ARGSORT_IF/MRG_RD/READER/CH[20].CTRL/I_SIDE/CTRL_REGS/error_flag_reg/D
  -------------------------------------------------------------------    -------------------

                         (clock clk_pl_0 rise edge)
                                                      4.000     4.000 r  
    PS8_X0Y0             PS8                          0.000     4.000 r  design_1_i/zynq_ultra_ps_e_0/U0/PS8_i/PLCLK[0]
                         net (fo=1, routed)           0.140     4.140    design_1_i/zynq_ultra_ps_e_0/U0/pl_clk_unbuffered[0]
    BUFG_PS_X0Y69        BUFG_PS (Prop_BUFG_PS_I_O)
                                                      0.027     4.167 r  design_1_i/zynq_ultra_ps_e_0/U0/buffer_pl_clk_0.PL_CLK_0_BUFG/O
    X0Y1 (CLOCK_ROOT)    net (fo=45974, routed)       1.903     6.070    design_1_i/ArgSort_AXI_1/U0/ARGSORT_IF/MRG_RD/READER/CH[20].CTRL/I_SIDE/CTRL_REGS/ACLK
    SLICE_X12Y120        FDCE                                         r  design_1_i/ArgSort_AXI_1/U0/ARGSORT_IF/MRG_RD/READER/CH[20].CTRL/I_SIDE/CTRL_REGS/error_flag_reg/C
                         clock pessimism              0.117     6.187    
                         clock uncertainty           -0.130     6.057    
    SLICE_X12Y120        FDCE (Setup_EFF_SLICEL_C_D)
                                                      0.027     6.084    design_1_i/ArgSort_AXI_1/U0/ARGSORT_IF/MRG_RD/READER/CH[20].CTRL/I_SIDE/CTRL_REGS/error_flag_reg
  -------------------------------------------------------------------
                         required time                          6.084    
                         arrival time                          -6.118    
  -------------------------------------------------------------------
                         slack                                 -0.034    




